<?xml version="1.0" encoding="UTF-8"?>
<TestRun id="7b24d11f-b6a7-41a2-8505-7b254f128aca" name="Jari Huilla@SYSTEEMILUOKKA 2022-12-04 13:09:25" runUser="SYSTEEMILUOKKA\Jari Huilla" xmlns="http://microsoft.com/schemas/VisualStudio/TeamTest/2010">
  <TestSettings name="Default Test Settings" id="9c0cd54a-af19-4d5f-bd6e-f11b78038322">
    <Deployment runDeploymentRoot="Jari Huilla_SYSTEEMILUOKKA 2022-12-04 13_09_25">
      <DeploymentItem filename="C:\Documents and Settings\Jari Huilla\My Documents\MppOpcUaClientLib_dll (1)\MppOpcUaClientLib_dll\Tuni.MppOpcUaClientLib.dll" />
      <DeploymentItem filename="C:\Documents and Settings\Jari Huilla\My Documents\MppOpcUaClientLib_dll (1)\MppOpcUaClientLib_dll\UnifiedAutomation.UaBase.dll" />
      <DeploymentItem filename="C:\Documents and Settings\Jari Huilla\My Documents\MppOpcUaClientLib_dll (1)\MppOpcUaClientLib_dll\UnifiedAutomation.UaClient.dll" />
      <DeploymentItem filename="C:\Documents and Settings\Jari Huilla\My Documents\exercise\gui-app\gui-app\bin\Debug\gui-app.exe" />
    </Deployment>
    <Execution>
      <TestTypeSpecific />
      <AgentRule name="Execution Agents">
      </AgentRule>
    </Execution>
  </TestSettings>
  <Times creation="2022-12-04T13:09:25.1991115+02:00" queuing="2022-12-04T13:09:27.6053923+02:00" start="2022-12-04T13:09:27.7460191+02:00" finish="2022-12-04T13:09:28.9491595+02:00" />
  <ResultSummary outcome="Failed">
    <Counters total="1" executed="1" error="0" failed="1" timeout="0" aborted="0" inconclusive="0" passedButRunAborted="0" notRunnable="0" notExecuted="0" disconnected="0" warning="0" passed="0" completed="0" inProgress="0" pending="0" />
  </ResultSummary>
  <TestDefinitions>
    <UnitTest name="shutdown_processTest" storage="c:\documents and settings\jari huilla\my documents\exercise\gui-app\unit_tests\unit_tests\bin\debug\unit_tests.dll" id="64299ba7-01b4-3852-ddb4-66fb1ddd418c">
      <Execution id="9ebfaf83-0b1d-4d72-85ca-f4dbd06c7287" />
      <TestMethod codeBase="C:/Documents and Settings/Jari Huilla/My Documents/exercise/gui-app/unit_tests/unit_tests/bin/Debug/unit_tests.DLL" adapterTypeName="Microsoft.VisualStudio.TestTools.TestTypes.Unit.UnitTestAdapter, Microsoft.VisualStudio.QualityTools.Tips.UnitTest.Adapter, Version=10.0.0.0, Culture=neutral, PublicKeyToken=b03f5f7f11d50a3a" className="unit_tests.LogicTest, unit_tests, Version=1.0.0.0, Culture=neutral, PublicKeyToken=null" name="shutdown_processTest" />
    </UnitTest>
  </TestDefinitions>
  <TestLists>
    <TestList name="Results Not in a List" id="8c84fa94-04c1-424b-9868-57a2d4851a1d" />
    <TestList name="All Loaded Results" id="19431567-8539-422a-85d7-44ee4e166bda" />
  </TestLists>
  <TestEntries>
    <TestEntry testId="64299ba7-01b4-3852-ddb4-66fb1ddd418c" executionId="9ebfaf83-0b1d-4d72-85ca-f4dbd06c7287" testListId="8c84fa94-04c1-424b-9868-57a2d4851a1d" />
  </TestEntries>
  <Results>
    <UnitTestResult executionId="9ebfaf83-0b1d-4d72-85ca-f4dbd06c7287" testId="64299ba7-01b4-3852-ddb4-66fb1ddd418c" testName="shutdown_processTest" computerName="SYSTEEMILUOKKA" duration="00:00:00.4454666" startTime="2022-12-04T13:09:27.7928947+02:00" endTime="2022-12-04T13:09:28.7772823+02:00" testType="13cdc9d9-ddb5-4fa4-a97d-d965ccfc6d4b" outcome="Failed" testListId="8c84fa94-04c1-424b-9868-57a2d4851a1d" relativeResultsDirectory="9ebfaf83-0b1d-4d72-85ca-f4dbd06c7287">
      <Output>
        <ErrorInfo>
          <Message>Test method unit_tests.LogicTest.shutdown_processTest threw exception: 
System.InvalidOperationException: Unexpected state of client object</Message>
          <StackTrace>    at Tuni.MppOpcUaClientLib.MppClient.StatefulSynchroniser.AssertStateValue(StateType expected) in C:\lokaali\lokaali_ws\rajo\MppOpcUaClientLib\MppOpcUaClientLib\MppClient.cs:line 578
   at Tuni.MppOpcUaClientLib.MppClient.StatefulSynchroniser.get_NamespaceIndex() in C:\lokaali\lokaali_ws\rajo\MppOpcUaClientLib\MppOpcUaClientLib\MppClient.cs:line 568
   at Tuni.MppOpcUaClientLib.MppClient.SetValueAtServer(String name, Variant variant) in C:\lokaali\lokaali_ws\rajo\MppOpcUaClientLib\MppOpcUaClientLib\MppClient.cs:line 387
   at Tuni.MppOpcUaClientLib.MppClient.SetOnOffItem(String name, Boolean value) in C:\lokaali\lokaali_ws\rajo\MppOpcUaClientLib\MppOpcUaClientLib\MppClient.cs:line 156
   at gui_app.Logic.shutdown_process() in C:\Documents and Settings\Jari Huilla\My Documents\exercise\gui-app\gui-app\logic.cs:line 46
   at unit_tests.LogicTest.shutdown_processTest() in C:\Documents and Settings\Jari Huilla\My Documents\exercise\gui-app\unit_tests\unit_tests\LogicTest.cs:line 80
</StackTrace>
        </ErrorInfo>
      </Output>
    </UnitTestResult>
  </Results>
</TestRun>